// Jest Snapshot v1, https://goo.gl/fbAQLP

exports[`matches snapshot 1`] = `
<button
  className="SubscribeButton"
  data-testid="subButton-1"
  disabled={true}
  name="firstButton"
>
  Button text
</button>
`;
